edu\missouristate\aianalyzer\model\database\PreferenceAudit.class
edu\missouristate\aianalyzer\model\database\MetricsSummary.class
edu\missouristate\aianalyzer\ui\view\Suggestions\SuggestionsView$3.class
edu\missouristate\aianalyzer\ui\view\Suggestions\SuggestionsView.class
edu\missouristate\aianalyzer\service\config\CloudConfigService.class
edu\missouristate\aianalyzer\model\database\UserPreference.class
edu\missouristate\aianalyzer\utility\ai\ReadImageUtil.class
edu\missouristate\aianalyzer\utility\ai\ReadFileUtil.class
edu\missouristate\aianalyzer\AiAnalyzerApplication.class
edu\missouristate\aianalyzer\model\database\ScanQueueItem.class
edu\missouristate\aianalyzer\service\database\PreferenceService.class
edu\missouristate\aianalyzer\model\database\MetricsSummary$MetricsSummaryBuilder.class
edu\missouristate\aianalyzer\repository\database\ImageMetaRepository.class
edu\missouristate\aianalyzer\utility\ai\ImageMagickDownloadUtil.class
edu\missouristate\aianalyzer\repository\database\FileRecordRepository.class
edu\missouristate\aianalyzer\repository\database\UserPreferenceRepository.class
edu\missouristate\aianalyzer\service\database\LabelService.class
edu\missouristate\aianalyzer\utility\ai\UploadFileUtil.class
edu\missouristate\aianalyzer\service\metrics\MetricsAggregationService$UserActionData.class
edu\missouristate\aianalyzer\model\database\UserDecisionLog.class
edu\missouristate\aianalyzer\ui\view\Home\DriveView.class
edu\missouristate\aianalyzer\model\database\FileTypeMetrics$FileTypeMetricsBuilder.class
edu\missouristate\aianalyzer\service\database\ErrorRetryWorker.class
edu\missouristate\aianalyzer\service\metrics\MetricsAggregationService.class
edu\missouristate\aianalyzer\model\database\UserPreference$UserPreferenceBuilder.class
edu\missouristate\aianalyzer\repository\database\LabelHistoryRepository.class
edu\missouristate\aianalyzer\service\ai\ProcessFileService.class
edu\missouristate\aianalyzer\service\ai\ProcessImageService.class
edu\missouristate\aianalyzer\repository\database\PreferenceAuditRepository.class
edu\missouristate\aianalyzer\model\database\FileRecord.class
edu\missouristate\aianalyzer\model\FileInterpretation$FileType.class
edu\missouristate\aianalyzer\service\database\ErrorLogService.class
edu\missouristate\aianalyzer\service\database\VirusScanService.class
edu\missouristate\aianalyzer\ui\StageInitializer.class
edu\missouristate\aianalyzer\service\photos\FindDuplicatesService.class
edu\missouristate\aianalyzer\service\metrics\MetricsAggregationService$DashboardMetrics.class
edu\missouristate\aianalyzer\model\database\VirusScan.class
edu\missouristate\aianalyzer\ui\service\ThemeService.class
edu\missouristate\aianalyzer\ui\view\Home\FileItemModel.class
edu\missouristate\aianalyzer\utility\ai\ClamDownloadUtil.class
edu\missouristate\aianalyzer\ui\view\Metrics\MetricsView.class
edu\missouristate\aianalyzer\ui\view\Home\ExplorerFileCell.class
edu\missouristate\aianalyzer\ui\view\Metrics\MetricCard.class
edu\missouristate\aianalyzer\service\database\FileIsolationService.class
edu\missouristate\aianalyzer\model\database\LabelHistory.class
edu\missouristate\aianalyzer\ui\JavaFxApplication.class
edu\missouristate\aianalyzer\config\AiClient.class
edu\missouristate\aianalyzer\ui\service\ThemeManager.class
edu\missouristate\aianalyzer\service\database\ActiveScanService$2.class
edu\missouristate\aianalyzer\service\metrics\MetricsService$1.class
edu\missouristate\aianalyzer\service\ai\ScanForVirusService.class
edu\missouristate\aianalyzer\ui\view\Home\DriveView$2.class
edu\missouristate\aianalyzer\service\metrics\HomeMetricsService$CategoryStats.class
edu\missouristate\aianalyzer\repository\database\MetricsSummaryRepository.class
edu\missouristate\aianalyzer\model\database\PreferenceAudit$PreferenceAuditBuilder.class
edu\missouristate\aianalyzer\utility\ai\AiQueryUtil.class
edu\missouristate\aianalyzer\service\metrics\MetricsService.class
edu\missouristate\aianalyzer\model\database\ScanQueueItem$Kind.class
edu\missouristate\aianalyzer\ui\view\Settings\SettingsView$Theme.class
edu\missouristate\aianalyzer\service\database\SearchService.class
edu\missouristate\aianalyzer\repository\database\FileTypeMetricsRepository.class
edu\missouristate\aianalyzer\model\database\ImageMeta.class
edu\missouristate\aianalyzer\ui\event\StageReadyEvent.class
edu\missouristate\aianalyzer\ui\view\Home\CategoryCard.class
edu\missouristate\aianalyzer\repository\database\ScanQueueItemRepository.class
edu\missouristate\aianalyzer\ui\service\FileSystemService.class
edu\missouristate\aianalyzer\config\ServiceLoggingAspect.class
edu\missouristate\aianalyzer\service\database\ActiveScanService.class
edu\missouristate\aianalyzer\ui\view\Suggestions\SuggestionsView$4.class
edu\missouristate\aianalyzer\model\FileInterpretation$SearchType.class
edu\missouristate\aianalyzer\model\FileInterpretation.class
edu\missouristate\aianalyzer\ui\view\Settings\SettingsView.class
edu\missouristate\aianalyzer\model\database\ErrorLog.class
edu\missouristate\aianalyzer\repository\database\UserDecisionLogRepository.class
edu\missouristate\aianalyzer\ui\view\Home\DriveView$1.class
edu\missouristate\aianalyzer\ui\view\Suggestions\SuggestionsItemCell.class
edu\missouristate\aianalyzer\ui\view\Suggestions\SuggestionsView$1.class
edu\missouristate\aianalyzer\ui\view\Home\FileTreeItem.class
edu\missouristate\aianalyzer\service\database\PreferenceChangedEvent.class
edu\missouristate\aianalyzer\model\database\DecisionType.class
edu\missouristate\aianalyzer\model\database\FileTypeMetrics.class
edu\missouristate\aianalyzer\repository\database\ErrorLogRepository.class
edu\missouristate\aianalyzer\repository\database\VirusScanRepository.class
edu\missouristate\aianalyzer\service\metrics\HomeMetricsService.class
edu\missouristate\aianalyzer\utility\ai\ReadFileUtil$1.class
edu\missouristate\aianalyzer\model\database\UserDecisionLog$UserDecisionLogBuilder.class
edu\missouristate\aianalyzer\ui\service\UIUpdateService.class
edu\missouristate\aianalyzer\model\database\VirusScan$VirusScanBuilder.class
edu\missouristate\aianalyzer\ui\view\Suggestions\SuggestionsView$2.class
edu\missouristate\aianalyzer\service\database\ActiveScanService$1.class
edu\missouristate\aianalyzer\service\database\FileProcessingService.class
